// Jest Snapshot v1, https://goo.gl/fbAQLP

exports[`<IndecisionApp /> 1`] = `
<main
  className="main"
>
  <div
    className="action-bar"
  >
    <button
      className="main-action-btn"
      disabled={true}
      onClick={[Function]}
    >
      What should I do?
    </button>
  </div>
  <div
    className="decisions"
  >
    <div
      className="decisions__header"
    >
      <h3
        className="decisions__title"
      >
        Your Options
      </h3>
    </div>
    <p
      className="decisions__list__message"
    >
      Please add an option to get started!
    </p>
    <div
      className="decisions__add"
    >
      
      <form
        className="decisions__add__form"
        onSubmit={[Function]}
      >
        <input
          className="decisions__add__input"
          name="decision"
          type="text"
        />
        <button
          className="decisions__add__submit-btn"
          name="submitbtn"
        >
          Add Option
        </button>
      </form>
    </div>
  </div>
</main>
`;
